[debug] [2026-06-22T13:30:15.765Z] ----------------------------------------------------------------------
[debug] [2026-06-22T13:30:15.768Z] Command:       C:\Program Files\nodejs\node.exe C:\Users\trang\AppData\Roaming\npm\node_modules\firebase-tools\lib\bin\firebase.js init firestore
[debug] [2026-06-22T13:30:15.768Z] CLI Version:   15.15.0
[debug] [2026-06-22T13:30:15.769Z] Platform:      win32
[debug] [2026-06-22T13:30:15.769Z] Node Version:  v24.15.0
[debug] [2026-06-22T13:30:15.769Z] Time:          Mon Jun 22 2026 20:30:15 GMT+0700 (Indochina Time)
[debug] [2026-06-22T13:30:15.769Z] ----------------------------------------------------------------------
[debug] 
[debug] [2026-06-22T13:30:15.771Z] >>> [apiv2][query] GET https://firebase-public.firebaseio.com/cli.json [none]
[info] 
     ######## #### ########  ######## ########     ###     ######  ########
     ##        ##  ##     ## ##       ##     ##  ##   ##  ##       ##
     ######    ##  ########  ######   ########  #########  ######  ######
     ##        ##  ##    ##  ##       ##     ## ##     ##       ## ##
     ##       #### ##     ## ######## ########  ##     ##  ######  ########

You're about to initialize a Firebase project in this directory:

  D:\code\ky_II_nam_3\LTDD\BTL\be-foodgo

[debug] [2026-06-22T13:30:18.067Z] <<< [apiv2][status] GET https://firebase-public.firebaseio.com/cli.json 200
[debug] [2026-06-22T13:30:18.067Z] <<< [apiv2][body] GET https://firebase-public.firebaseio.com/cli.json {"cloudBuildErrorAfter":1594252800000,"cloudBuildWarnAfter":1590019200000,"defaultNode10After":1594252800000,"minVersion":"3.0.5","node8DeploysDisabledAfter":1613390400000,"node8RuntimeDisabledAfter":1615809600000,"node8WarnAfter":1600128000000}
[debug] [2026-06-22T13:30:29.978Z] ExitPromptError: User force closed the prompt with SIGINT
    at Interface.sigint (C:\Users\trang\AppData\Roaming\npm\node_modules\firebase-tools\node_modules\@inquirer\core\dist\commonjs\lib\create-prompt.js:101:37)
    at Interface.emit (node:events:509:28)
    at [_ttyWrite] [as _ttyWrite] (node:internal/readline/interface:1327:18)
    at ReadStream.onkeypress (node:internal/readline/interface:284:20)
    at ReadStream.emit (node:events:521:24)
    at emitKeys (node:internal/readline/utils:371:14)
    at emitKeys.next (<anonymous>)
    at ReadStream.onData (node:internal/readline/emitKeypressEvents:64:36)
    at ReadStream.emit (node:events:509:28)
    at addChunk (node:internal/streams/readable:563:12)
[error] 
[error] Error: An unexpected error has occurred.
[debug] [2026-06-22T13:31:58.627Z] ----------------------------------------------------------------------
[debug] [2026-06-22T13:31:58.630Z] Command:       C:\Program Files\nodejs\node.exe C:\Users\trang\AppData\Roaming\npm\node_modules\firebase-tools\lib\bin\firebase.js init firestore
[debug] [2026-06-22T13:31:58.630Z] CLI Version:   15.15.0
[debug] [2026-06-22T13:31:58.630Z] Platform:      win32
[debug] [2026-06-22T13:31:58.630Z] Node Version:  v24.15.0
[debug] [2026-06-22T13:31:58.631Z] Time:          Mon Jun 22 2026 20:31:58 GMT+0700 (Indochina Time)
[debug] [2026-06-22T13:31:58.631Z] ----------------------------------------------------------------------
[debug] 
[info] 
     ######## #### ########  ######## ########     ###     ######  ########
     ##        ##  ##     ## ##       ##     ##  ##   ##  ##       ##
     ######    ##  ########  ######   ########  #########  ######  ######
     ##        ##  ##    ##  ##       ##     ## ##     ##       ## ##
     ##       #### ##     ## ######## ########  ##     ##  ######  ########

You're about to initialize a Firebase project in this directory:

  D:\code\ky_II_nam_3\LTDD\BTL\be-foodgo

[info] 
=== Project Setup
[info] 
[info] First, let's associate this project directory with a Firebase project.
[info] You can create multiple project aliases by running firebase use --add, 
[info] 
[debug] [2026-06-22T13:32:14.481Z] ExitPromptError: User force closed the prompt with SIGINT
    at Interface.sigint (C:\Users\trang\AppData\Roaming\npm\node_modules\firebase-tools\node_modules\@inquirer\core\dist\commonjs\lib\create-prompt.js:101:37)
    at Interface.emit (node:events:509:28)
    at [_ttyWrite] [as _ttyWrite] (node:internal/readline/interface:1327:18)
    at ReadStream.onkeypress (node:internal/readline/interface:284:20)
    at ReadStream.emit (node:events:521:24)
    at emitKeys (node:internal/readline/utils:371:14)
    at emitKeys.next (<anonymous>)
    at ReadStream.onData (node:internal/readline/emitKeypressEvents:64:36)
    at ReadStream.emit (node:events:509:28)
    at addChunk (node:internal/streams/readable:563:12)
[error] 
[error] Error: An unexpected error has occurred.
